// Jest Snapshot v1, https://goo.gl/fbAQLP

exports[`<Login/> render correctly 1`] = `
<View
  style={
    Object {
      "backgroundColor": "transparent",
      "flex": 1,
      "justifyContent": "center",
    }
  }
  testID="login"
>
  WebView
</View>
`;
