// Jest Snapshot v1, https://goo.gl/fbAQLP

exports[`<Avatar/> render correctly 1`] = `
<Image
  onError={[Function]}
  source={
    Object {
      "uri": undefined,
    }
  }
  style={
    Object {
      "borderRadius": 5,
      "height": 10,
      "width": 10,
    }
  }
/>
`;
