// Jest Snapshot v1, https://goo.gl/fbAQLP

exports[`<AvailabilityDetail/> render correctly 1`] = `
<RCTScrollView>
  <View>
    <MessageMyDoctor
      otherFilter={[Function]}
    />
  </View>
</RCTScrollView>
`;
