// Jest Snapshot v1, https://goo.gl/fbAQLP

exports[`<SurveyWebview/> render correctly 1`] = `
<View
  style={
    Object {
      "backgroundColor": "#fff",
      "flex": 1,
    }
  }
>
  WebView
</View>
`;
